Finished [100%]: Average Loss = 3,934.5
==============================================================================
P3 v0 k_squad SWEEP — held-out 1X2 RPS (OFFLINE, no odds, no credits)
==============================================================================
[prereg] grid k_squad=[0.0, 0.2, 0.4, 0.6] at k_elo=0.6; MIN_MATCHED=13 (inherited, never tuned vs sweep RPS).
[fit] PRODUCTION fidelity: advi_iters=30000 draws=1000 backend=advi (NOT coarsened).
[G2] has_squad=0-slice non-regression judged by PAIRED-BOOTSTRAP CI OVERLAP (lo95<=0) — the prereg fixes no numeric tolerance, so this is an explicit implementation choice.
[ADDENDUM-2] decision on POOLED held-out bootstrap SUPPORT (% of resamples favouring k>0): ADOPT>=75% AND G2 AND sanity; NO-LIFT<60%; [60,75%)=MORNING-CALL (default no-adopt). Sanity: no >0.95 single-game favourite (over-anchoring).

[wc2022] cutoff 2022-11-20  snapshot clubelo_20221120.csv  -> 63 held-out finals matches (2022-11-20 < date <= 2022-12-18).
  [k=0.00] fit  overall_RPS=0.43970 n=63 slice_n=24 max_fav=0.917 (train max 2022-11-19 < 2022-11-20)
Finished [100%]: Average Loss = 3,950.6
  [k=0.20] fit  overall_RPS=0.44528 n=63 slice_n=24 max_fav=0.950 (train max 2022-11-19 < 2022-11-20)
Finished [100%]: Average Loss = 3,983.1
  [k=0.40] fit  overall_RPS=0.45489 n=63 slice_n=24 max_fav=0.968 (train max 2022-11-19 < 2022-11-20)
Finished [100%]: Average Loss = 4,026.2
  [k=0.60] fit  overall_RPS=0.46330 n=63 slice_n=24 max_fav=0.976 (train max 2022-11-19 < 2022-11-20)
Finished [100%]: Average Loss = 4,250.3
  [YARDSTICK k_elo=0.00,k_squad=0.00] fit  overall_RPS=0.44359 n=63
Finished [100%]: Average Loss = 4,431.8

  [wc2022] per-k held-out 1X2 RPS
  k_squad | overall_RPS |    n | slice(has_sq=0)_RPS | n_sl | max_fav
  --------+-------------+------+---------------------+------+--------
     0.00 |     0.43970 |   63 |             0.50060 |   24 |   0.917
     0.20 |     0.44528 |   63 |             0.50995 |   24 |   0.950
     0.40 |     0.45489 |   63 |             0.52090 |   24 |   0.968
     0.60 |     0.46330 |   63 |             0.52969 |   24 |   0.976

[euro2024] cutoff 2024-06-14  snapshot clubelo_20240614.csv  -> 50 held-out finals matches (2024-06-14 < date <= 2024-07-14).
  [k=0.00] fit  overall_RPS=0.39547 n=50 slice_n=0 max_fav=0.820 (train max 2024-06-12 < 2024-06-14)
Finished [100%]: Average Loss = 4,451.9
  [k=0.20] fit  overall_RPS=0.40507 n=50 slice_n=0 max_fav=0.897 (train max 2024-06-12 < 2024-06-14)
Finished [100%]: Average Loss = 4,489.1
  [k=0.40] fit  overall_RPS=0.41575 n=50 slice_n=0 max_fav=0.936 (train max 2024-06-12 < 2024-06-14)
Finished [100%]: Average Loss = 4,536.9
  [k=0.60] fit  overall_RPS=0.42302 n=50 slice_n=0 max_fav=0.953 (train max 2024-06-12 < 2024-06-14)
Finished [100%]: Average Loss = 4,761
  [YARDSTICK k_elo=0.00,k_squad=0.00] fit  overall_RPS=0.39060 n=50

  [euro2024] per-k held-out 1X2 RPS
  k_squad | overall_RPS |    n | slice(has_sq=0)_RPS | n_sl | max_fav
  --------+-------------+------+---------------------+------+--------
     0.00 |     0.39547 |   50 |                 nan |    0 |   0.820
     0.20 |     0.40507 |   50 |                 nan |    0 |   0.897
     0.40 |     0.41575 |   50 |                 nan |    0 |   0.936
     0.60 |     0.42302 |   50 |                 nan |    0 |   0.953

[POOLED] wc2022+euro2024 -> 113 held-out matches.

  [POOLED] per-k held-out 1X2 RPS
  k_squad | overall_RPS |    n | slice(has_sq=0)_RPS | n_sl | max_fav
  --------+-------------+------+---------------------+------+--------
     0.00 |     0.42013 |  113 |             0.50060 |   24 |   0.917
     0.20 |     0.42749 |  113 |             0.50995 |   24 |   0.950
     0.40 |     0.43758 |  113 |             0.52090 |   24 |   0.968
     0.60 |     0.44548 |  113 |             0.52969 |   24 |   0.976

[POOLED] knee k_squad=0.00  SUPPORT=0.0% (% of resamples favouring k>0; evidence #2)
  paired ΔRPS vs k=0 = +0.00000 CI95(+0.00000,+0.00000)  [evidence #1]
  G2(has_sq=0 slice non-regression) = PASS [slice Δvs0=+0.00000 CI(+0.00000,+0.00000)]  [evidence #4]
  sanity(no >0.95 favourite) = PASS [knee max_fav=0.917]  [evidence #5]

[SIGN SPLIT] per-tournament Δ at pooled knee k=0.00 (evidence #3) — directions AGREE:
     wc2022: ΔRPS=+0.00000 support=0.0% -> favours k=0
   euro2024: ΔRPS=+0.00000 support=0.0% -> favours k=0

[YARDSTICK] k_elo 0->0.6 (at k_squad=0) on the SAME 113 matches — the known-real-effect ruler; read the k_squad arms against this (it NEVER affects the verdict):
  k_elo 0->0.6: dRPS=-0.00002, support=50.9%

==============================================================================
P3SWEEP VERDICT: NO-LIFT (keep model.strength_prior.k_squad=0.0). Reasons: knee is k=0 / no support.
==============================================================================
