Finished [100%]: Average Loss = 4,321
[2026-06-11] FIT 2 matches
Finished [100%]: Average Loss = 4,317.4
[2026-06-12] FIT 2 matches
Finished [100%]: Average Loss = 4,316.7
[2026-06-13] FIT 4 matches
Finished [100%]: Average Loss = 4,318.6
[2026-06-14] FIT 4 matches
Finished [100%]: Average Loss = 4,326.9
[2026-06-15] FIT 4 matches
Finished [100%]: Average Loss = 4,330.4
[2026-06-16] FIT 4 matches
Finished [100%]: Average Loss = 4,334.6
[2026-06-17] FIT 4 matches
Finished [100%]: Average Loss = 4,340
[2026-06-18] FIT 4 matches
Finished [100%]: Average Loss = 4,343.6
[2026-06-19] FIT 4 matches
Finished [100%]: Average Loss = 4,344.3
[2026-06-20] FIT 4 matches
Finished [100%]: Average Loss = 4,348
[2026-06-21] FIT 4 matches
Finished [100%]: Average Loss = 4,351.7
[2026-06-22] FIT 4 matches
Finished [100%]: Average Loss = 4,353.9
[2026-06-23] FIT 4 matches
Finished [100%]: Average Loss = 4,355.8
[2026-06-24] FIT 6 matches
Finished [100%]: Average Loss = 4,366.3
[2026-06-25] FIT 6 matches
Finished [100%]: Average Loss = 4,373.5
[2026-06-26] FIT 6 matches
Finished [100%]: Average Loss = 4,384.4
[2026-06-27] FIT 6 matches
Finished [100%]: Average Loss = 4,394.8
[2026-06-28] FIT 1 matches
Finished [100%]: Average Loss = 4,388.6
[2026-06-29] FIT 3 matches
Finished [100%]: Average Loss = 4,387.3
[2026-06-30] FIT 3 matches
[report] reports/live_scorecard_final.md
[2026-06-11] HIT 2 matches
[2026-06-12] HIT 2 matches
[2026-06-13] HIT 4 matches
[2026-06-14] HIT 4 matches
[2026-06-15] HIT 4 matches
[2026-06-16] HIT 4 matches
[2026-06-17] HIT 4 matches
[2026-06-18] HIT 4 matches
[2026-06-19] HIT 4 matches
[2026-06-20] HIT 4 matches
[2026-06-21] HIT 4 matches
[2026-06-22] HIT 4 matches
[2026-06-23] HIT 4 matches
[2026-06-24] HIT 6 matches
[2026-06-25] HIT 6 matches
[2026-06-26] HIT 6 matches
[2026-06-27] HIT 6 matches
[2026-06-28] HIT 1 matches
[2026-06-29] HIT 3 matches
[2026-06-30] HIT 3 matches
Finished [100%]: Average Loss = 4,386.7
[2026-07-01] FIT 3 matches
Finished [100%]: Average Loss = 4,387.4
[2026-07-02] FIT 3 matches
Finished [100%]: Average Loss = 4,386.7
[2026-07-03] FIT 3 matches
Finished [100%]: Average Loss = 4,387.9
[2026-07-04] FIT 2 matches
Finished [100%]: Average Loss = 4,385.1
[2026-07-05] FIT 2 matches
Finished [100%]: Average Loss = 4,384.7
[2026-07-06] FIT 2 matches
Finished [100%]: Average Loss = 4,382.6
[2026-07-07] FIT 2 matches
Finished [100%]: Average Loss = 4,373.6
[2026-07-09] FIT 1 matches
Finished [100%]: Average Loss = 4,368.1
[2026-07-10] FIT 1 matches
Finished [100%]: Average Loss = 4,362.7
[2026-07-11] FIT 2 matches
Finished [100%]: Average Loss = 4,344.6
[2026-07-14] FIT 1 matches
Finished [100%]: Average Loss = 4,339.6
[2026-07-15] FIT 1 matches
Finished [100%]: Average Loss = 4,318.8
[2026-07-18] FIT 1 matches
Finished [100%]: Average Loss = 4,321.4
[2026-07-19] FIT 1 matches
[report] reports/live_scorecard_final.md
